
> meramat-india@0.0.0 test
> vitest run


[1m[30m[46m RUN [49m[39m[22m [36mv4.1.5 [39m[90mC:/Users/Samar Raj/OneDrive/Desktop/MeraMat/meramat-india[39m

 [31mΓ¥»[39m src/tests/evmSimulator.test.js [2m([22m[2m0 test[22m[2m)[22m
 [31mΓ¥»[39m src/tests/readinessScore.test.js [2m([22m[2m0 test[22m[2m)[22m
 [31mΓ¥»[39m src/tests/stepCard.test.js [2m([22m[2m0 test[22m[2m)[22m
 [31mΓ¥»[39m src/tests/questionFlow.test.js [2m([22m[2m0 test[22m[2m)[22m
 [31mΓ¥»[39m src/tests/sanitize.test.js [2m([22m[2m7 tests[22m[2m | [22m[31m1 failed[39m[2m)[22m[32m 25[2mms[22m[39m
[31m     [31m├ù[31m removes script tags[39m[32m 16[2mms[22m[39m
     [32mΓ£ô[39m trims whitespace[32m 0[2mms[22m[39m
     [32mΓ£ô[39m limits to 500 chars[32m 0[2mms[22m[39m
     [32mΓ£ô[39m returns empty for empty input[32m 0[2mms[22m[39m
     [32mΓ£ô[39m returns empty for non-string[32m 0[2mms[22m[39m
     [32mΓ£ô[39m passes clean text unchanged[32m 0[2mms[22m[39m
     [32mΓ£ô[39m removes HTML attributes[32m 5[2mms[22m[39m
 [32mΓ£ô[39m src/tests/stateData.test.js [2m([22m[2m9 tests[22m[2m)[22m[32m 8[2mms[22m[39m
npm : 
At line:1 char:1
+ npm test > test_output.txt 2>&1
+ ~~~~~~~~~~~~~~~~~~~~~~~~~~~~~~~
    + CategoryInfo          : NotSpecified: (:String) [], RemoteException
    + FullyQualifiedErrorId : NativeCommandError
 
[31mΓÄ»ΓÄ»ΓÄ»ΓÄ»ΓÄ»ΓÄ»[39m[1m[41m Failed Suites 4 [49m[22m[31mΓÄ»ΓÄ»ΓÄ»ΓÄ»ΓÄ»ΓÄ»ΓÄ»[39m

[41m[1m FAIL [22m[49m src/tests/evmSimulator.test.js[2m [ src/tests/evmSimulator.test.js ][22m
[31m[1mError[22m: Transform failed with 1 error:

[31m[PARSE_ERROR] Error:[0m Unexpected JSX expression
    [38;5;246mΓò¡[0m[38;5;246mΓöÇ[0m[38;5;246m[[0m src/tests/evmSimulator.test.js:13:12 [38;5;246m][0m
    [38;5;246mΓöé[0m
 [38;5;246m13 Γöé[0m Γò¡ΓöÇΓû╢ [38;5;249m [0m[38;5;249m [0m[38;5;249m [0m[38;5;249m [0m[38;5;249mr[0m[38;5
;249me[0m[38;5;249mn[0m[38;5;249md[0m[38;5;249me[0m[38;5;249mr[0m[38;5;249m([0m<EVMSimulator 
userProfile={mockProfile}
 [38;5;246m14 Γöé[0m Γö£ΓöÇΓû╢       strings={S} onClose={vi.fn()} />[38;5;249m)[0m
 [38;5;240m   Γöé[0m Γöé                                             
 [38;5;240m   Γöé[0m Γò░ΓöÇΓöÇΓöÇΓöÇΓöÇΓöÇΓöÇΓöÇΓöÇΓöÇΓöÇΓöÇΓöÇΓöÇΓöÇΓöÇΓöÇΓöÇΓöÇΓöÇΓöÇΓöÇΓöÇΓöÇΓöÇΓöÇΓöÇΓöÇΓöÇΓöÇΓöÇ
ΓöÇΓöÇΓöÇΓöÇΓöÇΓöÇΓöÇΓöÇΓöÇΓöÇΓöÇΓöÇΓöÇΓöÇ 
 [38;5;240m   Γöé[0m 
 [38;5;240m   Γöé[0m [38;5;115mHelp[0m: JSX syntax is disabled and should be enabled via the parser options
[38;5;246mΓöÇΓöÇΓöÇΓöÇΓò»[0m
[39m
  Plugin: [35mvite:oxc[39m
  File: [36mC:/Users/Samar Raj/OneDrive/Desktop/MeraMat/meramat-india/src/tests/evmSimulator.test.js[39m
[90m [2mΓ¥»[22m transformWithOxc ../../../../../Samar%20Raj/OneDrive/Desktop/MeraMat/meramat-india/node_modules/vite
/dist/node/chunks/node.js:[2m3343:19[22m[39m
[90m [2mΓ¥»[22m TransformPluginContext.transform ../../../../../Samar%20Raj/OneDrive/Desktop/MeraMat/meramat-india/n
ode_modules/vite/dist/node/chunks/node.js:[2m3411:26[22m[39m
[90m [2mΓ¥»[22m EnvironmentPluginContainer.transform ../../../../../Samar%20Raj/OneDrive/Desktop/MeraMat/meramat-ind
ia/node_modules/vite/dist/node/chunks/node.js:[2m30164:51[22m[39m
[90m [2mΓ¥»[22m loadAndTransform ../../../../../Samar%20Raj/OneDrive/Desktop/MeraMat/meramat-india/node_modules/vite
/dist/node/chunks/node.js:[2m24512:26[22m[39m

[31m[2mΓÄ»ΓÄ»ΓÄ»ΓÄ»ΓÄ»ΓÄ»ΓÄ»ΓÄ»ΓÄ»ΓÄ»ΓÄ»ΓÄ»ΓÄ»ΓÄ»ΓÄ»ΓÄ»ΓÄ»ΓÄ»ΓÄ»ΓÄ»ΓÄ»ΓÄ»ΓÄ»ΓÄ»[1/5]ΓÄ»[22m[39m

[41m[1m FAIL [22m[49m src/tests/questionFlow.test.js[2m [ src/tests/questionFlow.test.js ][22m
[31m[1mError[22m: No test suite found in file C:/Users/Samar 
Raj/OneDrive/Desktop/MeraMat/meramat-india/src/tests/questionFlow.test.js[39m
[31m[2mΓÄ»ΓÄ»ΓÄ»ΓÄ»ΓÄ»ΓÄ»ΓÄ»ΓÄ»ΓÄ»ΓÄ»ΓÄ»ΓÄ»ΓÄ»ΓÄ»ΓÄ»ΓÄ»ΓÄ»ΓÄ»ΓÄ»ΓÄ»ΓÄ»ΓÄ»ΓÄ»ΓÄ»[2/5]ΓÄ»[22m[39m

[41m[1m FAIL [22m[49m src/tests/readinessScore.test.js[2m [ src/tests/readinessScore.test.js ][22m
[31m[1mError[22m: No test suite found in file C:/Users/Samar 
Raj/OneDrive/Desktop/MeraMat/meramat-india/src/tests/readinessScore.test.js[39m
[31m[2mΓÄ»ΓÄ»ΓÄ»ΓÄ»ΓÄ»ΓÄ»ΓÄ»ΓÄ»ΓÄ»ΓÄ»ΓÄ»ΓÄ»ΓÄ»ΓÄ»ΓÄ»ΓÄ»ΓÄ»ΓÄ»ΓÄ»ΓÄ»ΓÄ»ΓÄ»ΓÄ»ΓÄ»[3/5]ΓÄ»[22m[39m

[41m[1m FAIL [22m[49m src/tests/stepCard.test.js[2m [ src/tests/stepCard.test.js ][22m
[31m[1mError[22m: Transform failed with 1 error:

[31m[PARSE_ERROR] Error:[0m Unexpected JSX expression
    [38;5;246mΓò¡[0m[38;5;246mΓöÇ[0m[38;5;246m[[0m src/tests/stepCard.test.js:26:12 [38;5;246m][0m
    [38;5;246mΓöé[0m
 [38;5;246m26 Γöé[0m Γò¡ΓöÇΓû╢ [38;5;249m [0m[38;5;249m [0m[38;5;249m [0m[38;5;249m [0m[38;5;249mr[0m[38;5
;249me[0m[38;5;249mn[0m[38;5;249md[0m[38;5;249me[0m[38;5;249mr[0m[38;5;249m([0m<StepCard step={mockStep} 
strings={S}
 [38;5;240m   Γöå[0m Γöå   
 [38;5;246m29 Γöé[0m Γö£ΓöÇΓû╢       isLoadingExplain={false} {...overrides} />[38;5;249m)[0m
 [38;5;240m   Γöé[0m Γöé                                                       
 [38;5;240m   Γöé[0m Γò░ΓöÇΓöÇΓöÇΓöÇΓöÇΓöÇΓöÇΓöÇΓöÇΓöÇΓöÇΓöÇΓöÇΓöÇΓöÇΓöÇΓöÇΓöÇΓöÇΓöÇΓöÇΓöÇΓöÇΓöÇΓöÇΓöÇΓöÇΓöÇΓöÇΓöÇΓöÇ
ΓöÇΓöÇΓöÇΓöÇΓöÇΓöÇΓöÇΓöÇΓöÇΓöÇΓöÇΓöÇΓöÇΓöÇΓöÇΓöÇΓöÇΓöÇΓöÇΓöÇΓöÇΓöÇΓöÇΓöÇ 
 [38;5;240m   Γöé[0m 
 [38;5;240m   Γöé[0m [38;5;115mHelp[0m: JSX syntax is disabled and should be enabled via the parser options
[38;5;246mΓöÇΓöÇΓöÇΓöÇΓò»[0m
[39m
  Plugin: [35mvite:oxc[39m
  File: [36mC:/Users/Samar Raj/OneDrive/Desktop/MeraMat/meramat-india/src/tests/stepCard.test.js[39m
[90m [2mΓ¥»[22m transformWithOxc ../../../../../Samar%20Raj/OneDrive/Desktop/MeraMat/meramat-india/node_modules/vite
/dist/node/chunks/node.js:[2m3343:19[22m[39m
[90m [2mΓ¥»[22m TransformPluginContext.transform ../../../../../Samar%20Raj/OneDrive/Desktop/MeraMat/meramat-india/n
ode_modules/vite/dist/node/chunks/node.js:[2m3411:26[22m[39m
[90m [2mΓ¥»[22m EnvironmentPluginContainer.transform ../../../../../Samar%20Raj/OneDrive/Desktop/MeraMat/meramat-ind
ia/node_modules/vite/dist/node/chunks/node.js:[2m30164:51[22m[39m
[90m [2mΓ¥»[22m loadAndTransform ../../../../../Samar%20Raj/OneDrive/Desktop/MeraMat/meramat-india/node_modules/vite
/dist/node/chunks/node.js:[2m24512:26[22m[39m

[31m[2mΓÄ»ΓÄ»ΓÄ»ΓÄ»ΓÄ»ΓÄ»ΓÄ»ΓÄ»ΓÄ»ΓÄ»ΓÄ»ΓÄ»ΓÄ»ΓÄ»ΓÄ»ΓÄ»ΓÄ»ΓÄ»ΓÄ»ΓÄ»ΓÄ»ΓÄ»ΓÄ»ΓÄ»[4/5]ΓÄ»[22m[39m


[31mΓÄ»ΓÄ»ΓÄ»ΓÄ»ΓÄ»ΓÄ»ΓÄ»[39m[1m[41m Failed Tests 1 [49m[22m[31mΓÄ»ΓÄ»ΓÄ»ΓÄ»ΓÄ»ΓÄ»ΓÄ»[39m

[41m[1m FAIL [22m[49m src/tests/sanitize.test.js[2m > [22msanitizeInput[2m > [22mremoves script tags
[31m[1mAssertionError[22m: expected '' to be 'alert(1)' // Object.is equality[39m

[32m- Expected[39m
[31m+ Received[39m

[32m- alert(1)[39m

[36m [2mΓ¥»[22m src/tests/sanitize.test.js:[2m6:8[22m[39m
    [90m  4|[39m   [34mtest[39m([32m'removes script tags'[39m[33m,[39m () [33m=>[39m {
    [90m  5|[39m     [34mexpect[39m([34msanitizeInput[39m([32m'<script>alert(1)</script>'[39m))
    [90m  6|[39m       [33m.[39m[34mtoBe[39m([32m'alert(1)'[39m)
    [90m   |[39m        [31m^[39m
    [90m  7|[39m   })
    [90m  8|[39m   [34mtest[39m([32m'trims whitespace'[39m[33m,[39m () [33m=>[39m {

[31m[2mΓÄ»ΓÄ»ΓÄ»ΓÄ»ΓÄ»ΓÄ»ΓÄ»ΓÄ»ΓÄ»ΓÄ»ΓÄ»ΓÄ»ΓÄ»ΓÄ»ΓÄ»ΓÄ»ΓÄ»ΓÄ»ΓÄ»ΓÄ»ΓÄ»ΓÄ»ΓÄ»ΓÄ»[5/5]ΓÄ»[22m[39m


[2m Test Files [22m [1m[31m5 failed[39m[22m[2m | [22m[1m[32m1 passed[39m[22m[90m (6)[39m
[2m      Tests [22m [1m[31m1 failed[39m[22m[2m | [22m[1m[32m15 passed[39m[22m[90m (16)[39m
[2m   Start at [22m 21:13:42
[2m   Duration [22m 2.20s[2m (transform 156ms, setup 857ms, import 120ms, tests 33ms, environment 9.88s)[22m

